// Vitest Snapshot v1, https://vitest.dev/guide/snapshot.html

exports[`colors > should output all the css generated by the v2 colors/theming generation mixins 1`] = `
"body {
    --_o-disabled: 0.5;
    --_o-disabled-static: 0.5;
    --_black-static: hsl(0, 0%, 0%);
    --_white-static: hsl(0, 0%, 100%);
}

body:not(.theme-dark),
body.theme-highcontrast:not(.theme-dark),
body:not(.theme-highcontrast):not(.theme-dark),
body.theme-dark .theme-light__forced,
body.theme-highcontrast.theme-dark .theme-light__forced,
body:not(.theme-highcontrast).theme-dark .theme-light__forced,
body.theme-system .theme-light__forced,
body.theme-highcontrast.theme-system .theme-light__forced,
body:not(.theme-highcontrast).theme-system .theme-light__forced,
body.theme-dark,
body.theme-highcontrast.theme-dark,
body:not(.theme-highcontrast).theme-dark,
body:not(.theme-dark) .theme-dark__forced,
body.theme-highcontrast:not(.theme-dark) .theme-dark__forced,
body:not(.theme-highcontrast):not(.theme-dark) .theme-dark__forced {
    --bg-error: var(--red-400);
    --bg-danger: var(--red-400);
    --bg-success: var(--green-400);
    --bg-warning: var(--yellow-500);
    --bc-error: var(--red-400);
    --bc-danger: var(--red-400);
    --bc-success: var(--green-400);
    --bc-warning: var(--yellow-500);
    --fc-light: var(--black-400);
    --fc-medium: var(--black-500);
    --fc-dark: var(--black-600);
    --fc-error: var(--red-400);
    --fc-danger: var(--red-400);
    --fc-success: var(--green-400);
    --fc-warning: var(--yellow-500);
}

@media (prefers-color-scheme: dark) {
    body.theme-system,
  body.theme-highcontrast.theme-system,
  body:not(.theme-highcontrast).theme-system {
        --bg-error: var(--red-400);
        --bg-danger: var(--red-400);
        --bg-success: var(--green-400);
        --bg-warning: var(--yellow-500);
        --bc-error: var(--red-400);
        --bc-danger: var(--red-400);
        --bc-success: var(--green-400);
        --bc-warning: var(--yellow-500);
        --fc-light: var(--black-400);
        --fc-medium: var(--black-500);
        --fc-dark: var(--black-600);
        --fc-error: var(--red-400);
        --fc-danger: var(--red-400);
        --fc-success: var(--green-400);
        --fc-warning: var(--yellow-500);
    }
}

body:not(.theme-highcontrast):not(.theme-dark),
body:not(.theme-highcontrast).theme-dark .theme-light__forced,
body:not(.theme-highcontrast).theme-system .theme-light__forced,
body:not(.theme-highcontrast):not(.theme-dark).themed,
body:not(.theme-highcontrast).theme-dark .theme-light__forced.themed,
body:not(.theme-highcontrast).theme-system .theme-light__forced.themed,
body:not(.theme-highcontrast):not(.theme-dark) .themed,
body:not(.theme-highcontrast).theme-dark .theme-light__forced .themed,
body:not(.theme-highcontrast).theme-system .theme-light__forced .themed {
    --white: hsl(0, 0%, 100%);
    --black-050: hsl(0, 0%, 100%);
    --black-100: hsl(210, 8%, 98%);
    --black-150: hsl(210, 8%, 95%);
    --black-200: hsl(210, 8%, 90%);
    --black-225: hsl(210, 8%, 85%);
    --black-250: hsl(210, 8%, 80%);
    --black-300: hsl(210, 9%, 75%);
    --black-350: hsl(210, 8%, 68%);
    --black-400: hsl(210, 8%, 42%);
    --black-500: hsl(210, 8%, 25%);
    --black-600: hsl(210, 8%, 5%);
    --black: hsl(0, 0%, 0%);
    --orange-100: hsl(23, 85%, 97%);
    --orange-200: hsl(27, 85%, 87%);
    --orange-300: hsl(27, 85%, 72%);
    --orange-400: hsl(27, 80%, 52%);
    --orange-500: hsl(27, 80%, 43%);
    --orange-600: hsl(27, 80%, 29%);
    --blue-100: hsl(210, 80%, 96%);
    --blue-200: hsl(210, 80%, 91%);
    --blue-300: hsl(210, 78%, 76%);
    --blue-400: hsl(210, 77%, 46%);
    --blue-500: hsl(210, 77%, 36%);
    --blue-600: hsl(210, 80%, 23%);
    --green-100: hsl(148, 35%, 95%);
    --green-200: hsl(148, 35%, 88%);
    --green-300: hsl(148, 35%, 69%);
    --green-400: hsl(148, 70%, 31%);
    --green-500: hsl(148, 75%, 22%);
    --green-600: hsl(148, 75%, 15%);
    --red-100: hsl(0, 72%, 96%);
    --red-200: hsl(0, 70%, 93%);
    --red-300: hsl(0, 66%, 80%);
    --red-400: hsl(0, 60%, 49%);
    --red-500: hsl(0, 65%, 37%);
    --red-600: hsl(0, 65%, 22%);
    --yellow-100: hsl(43, 80%, 96%);
    --yellow-200: hsl(43, 80%, 88%);
    --yellow-300: hsl(43, 85%, 72%);
    --yellow-400: hsl(43, 85%, 50%);
    --yellow-500: hsl(43, 85%, 33%);
    --yellow-600: hsl(43, 84%, 18%);
    --purple-100: hsl(237, 83%, 98%);
    --purple-200: hsl(237, 78%, 93%);
    --purple-300: hsl(237, 60%, 83%);
    --purple-400: hsl(237, 55%, 57%);
    --purple-500: hsl(237, 50%, 45%);
    --purple-600: hsl(237, 50%, 32%);
    --gold-100: hsl(46, 100%, 91%);
    --gold-200: hsl(46, 100%, 74%);
    --gold-300: hsl(45, 100%, 42%);
    --gold-400: hsl(46, 92%, 26%);
    --silver-100: hsl(0, 0%, 95%);
    --silver-200: hsl(0, 0%, 84%);
    --silver-300: hsl(210, 5%, 68%);
    --silver-400: hsl(210, 2%, 40%);
    --bronze-100: hsl(28, 40%, 92%);
    --bronze-200: hsl(30, 47%, 83%);
    --bronze-300: hsl(28, 43%, 65%);
    --bronze-400: hsl(28, 43%, 39%);
    --bc-lightest: var(--black-100);
    --bc-lighter: var(--black-150);
    --bc-light: var(--black-200);
    --bc-medium: var(--black-225);
    --bc-dark: var(--black-250);
    --bc-darker: var(--black-300);
    --bs-sm: 0 1px 2px hsla(0, 0%, 0%, 0.05), 0 1px 4px hsla(0, 0%, 0%, 0.05), 0 2px 8px hsla(0, 0%, 0%, 0.05);
    --bs-md: 0 1px 3px hsla(0, 0%, 0%, 0.06), 0 2px 6px hsla(0, 0%, 0%, 0.06), 0 3px 8px hsla(0, 0%, 0%, 0.09);
    --bs-lg: 0 1px 4px hsla(0, 0%, 0%, 0.09), 0 3px 8px hsla(0, 0%, 0%, 0.09), 0 4px 13px hsla(0, 0%, 0%, 0.13);
    --bs-xl: 0 10px 24px hsla(0, 0%, 0%, 0.05), 0 20px 48px hsla(0, 0%, 0%, 0.05), 0 1px 4px hsla(0, 0%, 0%, 0.1);
    --focus-ring: var(--theme-secondary-custom-focus-ring, hsla(206, 100%, 40%, 0.15));
    --focus-ring-success: hsla(140, 40%, 75%, 0.4);
    --focus-ring-warning: hsla(47, 79%, 58%, 0.4);
    --focus-ring-error: hsla(358, 62%, 47%, 0.15);
    --focus-ring-muted: hsla(210, 8%, 15%, 0.1);
    --highlight-addition: var(--green-500);
    --highlight-attribute: hsl(206, 98.5%, 29%);
    --highlight-bg: hsl(0, 0%, 96.5%);
    --highlight-color: var(--black-600);
    --highlight-comment: hsl(210, 8%, 43.5%);
    --highlight-deletion: var(--red-500);
    --highlight-keyword: hsl(206, 98.5%, 29%);
    --highlight-literal: hsl(27, 99%, 36%);
    --highlight-namespace: hsl(27, 99%, 36%);
    --highlight-punctuation: var(--black-500);
    --highlight-symbol: hsl(306, 43%, 35%);
    --highlight-variable: hsl(80, 80.5%, 26.5%);
    --scrollbar: hsla(0, 0%, 0%, 0.2);
    --theme-primary: var(--theme-primary-custom, var(--orange-400));
    --theme-primary-100: var(--theme-primary-custom-100, var(--orange-100));
    --theme-primary-200: var(--theme-primary-custom-200, var(--orange-200));
    --theme-primary-300: var(--theme-primary-custom-300, var(--orange-300));
    --theme-primary-400: var(--theme-primary-custom-400, var(--orange-400));
    --theme-primary-500: var(--theme-primary-custom-500, var(--orange-500));
    --theme-primary-600: var(--theme-primary-custom-600, var(--orange-600));
    --theme-secondary: var(--theme-secondary-custom, var(--blue-400));
    --theme-secondary-100: var(--theme-secondary-custom-100, var(--blue-100));
    --theme-secondary-200: var(--theme-secondary-custom-200, var(--blue-200));
    --theme-secondary-300: var(--theme-secondary-custom-300, var(--blue-300));
    --theme-secondary-400: var(--theme-secondary-custom-400, var(--blue-400));
    --theme-secondary-500: var(--theme-secondary-custom-500, var(--blue-500));
    --theme-secondary-600: var(--theme-secondary-custom-600, var(--blue-600));
    --theme-primary-custom-100: hsl(var(--theme-base-primary-color-h), var(--theme-base-primary-color-s), calc(var(--theme-base-primary-color-l) + ((100% - var(--theme-base-primary-color-l)) * .9)));
    --theme-primary-custom-200: hsl(var(--theme-base-primary-color-h), var(--theme-base-primary-color-s), calc(var(--theme-base-primary-color-l) + ((100% - var(--theme-base-primary-color-l)) * .75)));
    --theme-primary-custom-300: hsl(var(--theme-base-primary-color-h), var(--theme-base-primary-color-s), calc(var(--theme-base-primary-color-l) + ((100% - var(--theme-base-primary-color-l)) * .5)));
    --theme-primary-custom-400: hsl(var(--theme-base-primary-color-h), var(--theme-base-primary-color-s), var(--theme-base-primary-color-l));
    --theme-primary-custom-500: hsl(var(--theme-base-primary-color-h), var(--theme-base-primary-color-s), calc(var(--theme-base-primary-color-l) + (var(--theme-base-primary-color-l) * -.3)));
    --theme-primary-custom-600: hsl(var(--theme-base-primary-color-h), var(--theme-base-primary-color-s), calc(var(--theme-base-primary-color-l) + (var(--theme-base-primary-color-l) * -.6)));
    --theme-primary-custom: var(--theme-primary-custom-400);
    --theme-secondary-custom-100: hsl(var(--theme-base-secondary-color-h), var(--theme-base-secondary-color-s), calc(var(--theme-base-secondary-color-l) + ((100% - var(--theme-base-secondary-color-l)) * .9)));
    --theme-secondary-custom-200: hsl(var(--theme-base-secondary-color-h), var(--theme-base-secondary-color-s), calc(var(--theme-base-secondary-color-l) + ((100% - var(--theme-base-secondary-color-l)) * .75)));
    --theme-secondary-custom-300: hsl(var(--theme-base-secondary-color-h), var(--theme-base-secondary-color-s), calc(var(--theme-base-secondary-color-l) + ((100% - var(--theme-base-secondary-color-l)) * .5)));
    --theme-secondary-custom-400: hsl(var(--theme-base-secondary-color-h), var(--theme-base-secondary-color-s), var(--theme-base-secondary-color-l));
    --theme-secondary-custom-500: hsl(var(--theme-base-secondary-color-h), var(--theme-base-secondary-color-s), calc(var(--theme-base-secondary-color-l) + (var(--theme-base-secondary-color-l) * -.3)));
    --theme-secondary-custom-600: hsl(var(--theme-base-secondary-color-h), var(--theme-base-secondary-color-s), calc(var(--theme-base-secondary-color-l) + (var(--theme-base-secondary-color-l) * -.6)));
    --theme-secondary-custom: var(--theme-secondary-custom-400);
    --theme-secondary-custom-focus-ring: hsla(var(--theme-base-secondary-color-h), var(--theme-base-secondary-color-s), var(--theme-base-secondary-color-l), 0.15);
    color: var(--theme-body-font-color, var(--black-600));
}

body:not(.theme-highcontrast).theme-dark,
body:not(.theme-highcontrast):not(.theme-dark) .theme-dark__forced,
body:not(.theme-highcontrast).theme-dark.themed,
body:not(.theme-highcontrast):not(.theme-dark) .theme-dark__forced.themed,
body:not(.theme-highcontrast).theme-dark .themed,
body:not(.theme-highcontrast):not(.theme-dark) .theme-dark__forced .themed {
    --white: hsl(210, 3%, 15%);
    --black-050: hsl(210, 3%, 15%);
    --black-100: hsl(210, 3%, 18%);
    --black-150: hsl(210, 4%, 21%);
    --black-200: hsl(210, 4%, 27%);
    --black-225: hsl(210, 4%, 30%);
    --black-250: hsl(210, 5%, 36%);
    --black-300: hsl(210, 4%, 47%);
    --black-350: hsl(210, 8%, 70%);
    --black-400: hsl(210, 8%, 80%);
    --black-500: hsl(210, 8%, 90%);
    --black-600: hsl(210, 11%, 98%);
    --black: hsl(0, 0%, 100%);
    --orange-100: hsl(27, 29%, 19%);
    --orange-200: hsl(27, 43%, 31%);
    --orange-300: hsl(27, 43%, 47%);
    --orange-400: hsl(27, 80%, 72%);
    --orange-500: hsl(27, 80%, 83%);
    --orange-600: hsl(27, 80%, 93%);
    --blue-100: hsl(209, 29%, 19%);
    --blue-200: hsl(210, 29%, 35%);
    --blue-300: hsl(210, 29%, 50%);
    --blue-400: hsl(210, 80%, 75%);
    --blue-500: hsl(210, 80%, 83%);
    --blue-600: hsl(210, 80%, 93%);
    --green-100: hsl(148, 29%, 19%);
    --green-200: hsl(148, 29%, 27%);
    --green-300: hsl(148, 25%, 40%);
    --green-400: hsl(148, 40%, 68%);
    --green-500: hsl(148, 40%, 80%);
    --green-600: hsl(148, 40%, 93%);
    --red-100: hsl(358, 29%, 19%);
    --red-200: hsl(0, 29%, 37%);
    --red-300: hsl(0, 34%, 54%);
    --red-400: hsl(0, 73%, 80%);
    --red-500: hsl(0, 73%, 88%);
    --red-600: hsl(0, 73%, 95%);
    --yellow-100: hsl(43, 29%, 17%);
    --yellow-200: hsl(43, 29%, 25%);
    --yellow-300: hsl(43, 29%, 40%);
    --yellow-400: hsl(43, 75%, 75%);
    --yellow-500: hsl(43, 75%, 82%);
    --yellow-600: hsl(43, 75%, 91%);
    --purple-100: hsl(237, 24%, 23%);
    --purple-200: hsl(237, 27%, 34%);
    --purple-300: hsl(237, 32%, 56%);
    --purple-400: hsl(237, 60%, 82%);
    --purple-500: hsl(237, 60%, 88%);
    --purple-600: hsl(237, 65%, 96%);
    --gold-100: hsl(45, 29%, 24%);
    --gold-200: hsl(45, 47%, 37%);
    --gold-300: hsl(45, 92%, 62%);
    --gold-400: hsl(46, 93%, 78%);
    --silver-100: hsl(220, 2%, 26%);
    --silver-200: hsl(220, 1%, 46%);
    --silver-300: hsl(216, 4%, 69%);
    --silver-400: hsl(214, 8%, 83%);
    --bronze-100: hsl(28, 13%, 27%);
    --bronze-200: hsl(28, 27%, 45%);
    --bronze-300: hsl(28, 58%, 67%);
    --bronze-400: hsl(28, 59%, 83%);
    --bc-lightest: var(--black-100);
    --bc-lighter: var(--black-150);
    --bc-light: var(--black-200);
    --bc-medium: var(--black-225);
    --bc-dark: var(--black-250);
    --bc-darker: var(--black-300);
    --bs-sm: 0 1px 2px hsla(0, 0%, 0%, 0.1), 0 1px 4px hsla(0, 0%, 0%, 0.1), 0 2px 8px hsla(0, 0%, 0%, 0.1);
    --bs-md: 0 1px 3px hsla(0, 0%, 0%, 0.11), 0 2px 6px hsla(0, 0%, 0%, 0.11), 0 3px 8px hsla(0, 0%, 0%, 0.14);
    --bs-lg: 0 1px 4px hsla(0, 0%, 0%, 0.14), 0 3px 8px hsla(0, 0%, 0%, 0.14), 0 4px 13px hsla(0, 0%, 0%, 0.18);
    --bs-xl: 0 10px 24px hsla(0, 0%, 0%, 0.1), 0 20px 48px hsla(0, 0%, 0%, 0.1), 0 1px 4px hsla(0, 0%, 0%, 0.15);
    --focus-ring: var(--theme-dark-secondary-custom-focus-ring, hsla(206, 100%, 40%, 0.25));
    --focus-ring-success: hsla(140, 40%, 75%, 0.4);
    --focus-ring-warning: hsla(47, 79%, 58%, 0.4);
    --focus-ring-error: hsla(358, 62%, 47%, 0.15);
    --focus-ring-muted: hsla(210, 8%, 15%, 0.1);
    --highlight-addition: var(--green-500);
    --highlight-attribute: var(--blue-400);
    --highlight-bg: hsl(0, 2%, 11%);
    --highlight-color: var(--black);
    --highlight-comment: hsl(0, 0%, 60%);
    --highlight-deletion: var(--red-500);
    --highlight-keyword: var(--blue-400);
    --highlight-literal: hsl(27, 85%, 61.5%);
    --highlight-namespace: hsl(27, 85%, 61.5%);
    --highlight-punctuation: hsl(0, 0%, 80%);
    --highlight-symbol: hsl(306, 43%, 69%);
    --highlight-variable: hsl(65.5, 39%, 57.5%);
    --scrollbar: hsla(0, 0%, 0%, 0.2);
    --theme-primary: var(--theme-dark-primary-custom, var(--orange-400));
    --theme-primary-100: var(--theme-dark-primary-custom-100, var(--orange-100));
    --theme-primary-200: var(--theme-dark-primary-custom-200, var(--orange-200));
    --theme-primary-300: var(--theme-dark-primary-custom-300, var(--orange-300));
    --theme-primary-400: var(--theme-dark-primary-custom-400, var(--orange-400));
    --theme-primary-500: var(--theme-dark-primary-custom-500, var(--orange-500));
    --theme-primary-600: var(--theme-dark-primary-custom-600, var(--orange-600));
    --theme-secondary: var(--theme-dark-secondary-custom, var(--blue-400));
    --theme-secondary-100: var(--theme-dark-secondary-custom-100, var(--blue-100));
    --theme-secondary-200: var(--theme-dark-secondary-custom-200, var(--blue-200));
    --theme-secondary-300: var(--theme-dark-secondary-custom-300, var(--blue-300));
    --theme-secondary-400: var(--theme-dark-secondary-custom-400, var(--blue-400));
    --theme-secondary-500: var(--theme-dark-secondary-custom-500, var(--blue-500));
    --theme-secondary-600: var(--theme-dark-secondary-custom-600, var(--blue-600));
    --theme-dark-primary-custom-100: hsl(var(--theme-dark-primary-color-h), calc(var(--theme-dark-primary-color-s) + (var(--theme-dark-primary-color-s) * -.6)), calc(var(--theme-dark-primary-color-l) + (var(--theme-dark-primary-color-l) * -.7)));
    --theme-dark-primary-custom-200: hsl(var(--theme-dark-primary-color-h), calc(var(--theme-dark-primary-color-s) + (var(--theme-dark-primary-color-s) * -.4)), calc(var(--theme-dark-primary-color-l) + (var(--theme-dark-primary-color-l) * -.5)));
    --theme-dark-primary-custom-300: hsl(var(--theme-dark-primary-color-h), calc(var(--theme-dark-primary-color-s) + (var(--theme-dark-primary-color-s) * -.3)), calc(var(--theme-dark-primary-color-l) + (var(--theme-dark-primary-color-l) * -.2)));
    --theme-dark-primary-custom-400: hsl(var(--theme-dark-primary-color-h), var(--theme-dark-primary-color-s), var(--theme-dark-primary-color-l));
    --theme-dark-primary-custom-500: hsl(var(--theme-dark-primary-color-h), var(--theme-dark-primary-color-s), calc(var(--theme-dark-primary-color-l) + ((100% - var(--theme-dark-primary-color-l)) * .5)));
    --theme-dark-primary-custom-600: hsl(var(--theme-dark-primary-color-h), var(--theme-dark-primary-color-s), calc(var(--theme-dark-primary-color-l) + ((100% - var(--theme-dark-primary-color-l)) * .8)));
    --theme-dark-primary-custom: var(--theme-dark-primary-custom-400);
    --theme-dark-secondary-custom-100: hsl(var(--theme-dark-secondary-color-h), calc(var(--theme-dark-secondary-color-s) + (var(--theme-dark-secondary-color-s) * -.6)), calc(var(--theme-dark-secondary-color-l) + (var(--theme-dark-secondary-color-l) * -.7)));
    --theme-dark-secondary-custom-200: hsl(var(--theme-dark-secondary-color-h), calc(var(--theme-dark-secondary-color-s) + (var(--theme-dark-secondary-color-s) * -.4)), calc(var(--theme-dark-secondary-color-l) + (var(--theme-dark-secondary-color-l) * -.5)));
    --theme-dark-secondary-custom-300: hsl(var(--theme-dark-secondary-color-h), calc(var(--theme-dark-secondary-color-s) + (var(--theme-dark-secondary-color-s) * -.3)), calc(var(--theme-dark-secondary-color-l) + (var(--theme-dark-secondary-color-l) * -.2)));
    --theme-dark-secondary-custom-400: hsl(var(--theme-dark-secondary-color-h), var(--theme-dark-secondary-color-s), var(--theme-dark-secondary-color-l));
    --theme-dark-secondary-custom-500: hsl(var(--theme-dark-secondary-color-h), var(--theme-dark-secondary-color-s), calc(var(--theme-dark-secondary-color-l) + ((100% - var(--theme-dark-secondary-color-l)) * .5)));
    --theme-dark-secondary-custom-600: hsl(var(--theme-dark-secondary-color-h), var(--theme-dark-secondary-color-s), calc(var(--theme-dark-secondary-color-l) + ((100% - var(--theme-dark-secondary-color-l)) * .8)));
    --theme-dark-secondary-custom: var(--theme-dark-secondary-custom-400);
    --theme-dark-secondary-custom-focus-ring: hsla(var(--theme-dark-secondary-color-h), var(--theme-dark-secondary-color-s), var(--theme-dark-secondary-color-l), 0.25);
    color: var(--theme-body-font-color, var(--black-600));
}

@media (prefers-color-scheme: dark) {
    body:not(.theme-highcontrast).theme-system,
  body:not(.theme-highcontrast).theme-system.themed,
  body:not(.theme-highcontrast).theme-system .themed {
        --white: hsl(210, 3%, 15%);
        --black-050: hsl(210, 3%, 15%);
        --black-100: hsl(210, 3%, 18%);
        --black-150: hsl(210, 4%, 21%);
        --black-200: hsl(210, 4%, 27%);
        --black-225: hsl(210, 4%, 30%);
        --black-250: hsl(210, 5%, 36%);
        --black-300: hsl(210, 4%, 47%);
        --black-350: hsl(210, 8%, 70%);
        --black-400: hsl(210, 8%, 80%);
        --black-500: hsl(210, 8%, 90%);
        --black-600: hsl(210, 11%, 98%);
        --black: hsl(0, 0%, 100%);
        --orange-100: hsl(27, 29%, 19%);
        --orange-200: hsl(27, 43%, 31%);
        --orange-300: hsl(27, 43%, 47%);
        --orange-400: hsl(27, 80%, 72%);
        --orange-500: hsl(27, 80%, 83%);
        --orange-600: hsl(27, 80%, 93%);
        --blue-100: hsl(209, 29%, 19%);
        --blue-200: hsl(210, 29%, 35%);
        --blue-300: hsl(210, 29%, 50%);
        --blue-400: hsl(210, 80%, 75%);
        --blue-500: hsl(210, 80%, 83%);
        --blue-600: hsl(210, 80%, 93%);
        --green-100: hsl(148, 29%, 19%);
        --green-200: hsl(148, 29%, 27%);
        --green-300: hsl(148, 25%, 40%);
        --green-400: hsl(148, 40%, 68%);
        --green-500: hsl(148, 40%, 80%);
        --green-600: hsl(148, 40%, 93%);
        --red-100: hsl(358, 29%, 19%);
        --red-200: hsl(0, 29%, 37%);
        --red-300: hsl(0, 34%, 54%);
        --red-400: hsl(0, 73%, 80%);
        --red-500: hsl(0, 73%, 88%);
        --red-600: hsl(0, 73%, 95%);
        --yellow-100: hsl(43, 29%, 17%);
        --yellow-200: hsl(43, 29%, 25%);
        --yellow-300: hsl(43, 29%, 40%);
        --yellow-400: hsl(43, 75%, 75%);
        --yellow-500: hsl(43, 75%, 82%);
        --yellow-600: hsl(43, 75%, 91%);
        --purple-100: hsl(237, 24%, 23%);
        --purple-200: hsl(237, 27%, 34%);
        --purple-300: hsl(237, 32%, 56%);
        --purple-400: hsl(237, 60%, 82%);
        --purple-500: hsl(237, 60%, 88%);
        --purple-600: hsl(237, 65%, 96%);
        --gold-100: hsl(45, 29%, 24%);
        --gold-200: hsl(45, 47%, 37%);
        --gold-300: hsl(45, 92%, 62%);
        --gold-400: hsl(46, 93%, 78%);
        --silver-100: hsl(220, 2%, 26%);
        --silver-200: hsl(220, 1%, 46%);
        --silver-300: hsl(216, 4%, 69%);
        --silver-400: hsl(214, 8%, 83%);
        --bronze-100: hsl(28, 13%, 27%);
        --bronze-200: hsl(28, 27%, 45%);
        --bronze-300: hsl(28, 58%, 67%);
        --bronze-400: hsl(28, 59%, 83%);
        --bc-lightest: var(--black-100);
        --bc-lighter: var(--black-150);
        --bc-light: var(--black-200);
        --bc-medium: var(--black-225);
        --bc-dark: var(--black-250);
        --bc-darker: var(--black-300);
        --bs-sm: 0 1px 2px hsla(0, 0%, 0%, 0.1), 0 1px 4px hsla(0, 0%, 0%, 0.1), 0 2px 8px hsla(0, 0%, 0%, 0.1);
        --bs-md: 0 1px 3px hsla(0, 0%, 0%, 0.11), 0 2px 6px hsla(0, 0%, 0%, 0.11), 0 3px 8px hsla(0, 0%, 0%, 0.14);
        --bs-lg: 0 1px 4px hsla(0, 0%, 0%, 0.14), 0 3px 8px hsla(0, 0%, 0%, 0.14), 0 4px 13px hsla(0, 0%, 0%, 0.18);
        --bs-xl: 0 10px 24px hsla(0, 0%, 0%, 0.1), 0 20px 48px hsla(0, 0%, 0%, 0.1), 0 1px 4px hsla(0, 0%, 0%, 0.15);
        --focus-ring: var(--theme-dark-secondary-custom-focus-ring, hsla(206, 100%, 40%, 0.25));
        --focus-ring-success: hsla(140, 40%, 75%, 0.4);
        --focus-ring-warning: hsla(47, 79%, 58%, 0.4);
        --focus-ring-error: hsla(358, 62%, 47%, 0.15);
        --focus-ring-muted: hsla(210, 8%, 15%, 0.1);
        --highlight-addition: var(--green-500);
        --highlight-attribute: var(--blue-400);
        --highlight-bg: hsl(0, 2%, 11%);
        --highlight-color: var(--black);
        --highlight-comment: hsl(0, 0%, 60%);
        --highlight-deletion: var(--red-500);
        --highlight-keyword: var(--blue-400);
        --highlight-literal: hsl(27, 85%, 61.5%);
        --highlight-namespace: hsl(27, 85%, 61.5%);
        --highlight-punctuation: hsl(0, 0%, 80%);
        --highlight-symbol: hsl(306, 43%, 69%);
        --highlight-variable: hsl(65.5, 39%, 57.5%);
        --scrollbar: hsla(0, 0%, 0%, 0.2);
        --theme-primary: var(--theme-dark-primary-custom, var(--orange-400));
        --theme-primary-100: var(--theme-dark-primary-custom-100, var(--orange-100));
        --theme-primary-200: var(--theme-dark-primary-custom-200, var(--orange-200));
        --theme-primary-300: var(--theme-dark-primary-custom-300, var(--orange-300));
        --theme-primary-400: var(--theme-dark-primary-custom-400, var(--orange-400));
        --theme-primary-500: var(--theme-dark-primary-custom-500, var(--orange-500));
        --theme-primary-600: var(--theme-dark-primary-custom-600, var(--orange-600));
        --theme-secondary: var(--theme-dark-secondary-custom, var(--blue-400));
        --theme-secondary-100: var(--theme-dark-secondary-custom-100, var(--blue-100));
        --theme-secondary-200: var(--theme-dark-secondary-custom-200, var(--blue-200));
        --theme-secondary-300: var(--theme-dark-secondary-custom-300, var(--blue-300));
        --theme-secondary-400: var(--theme-dark-secondary-custom-400, var(--blue-400));
        --theme-secondary-500: var(--theme-dark-secondary-custom-500, var(--blue-500));
        --theme-secondary-600: var(--theme-dark-secondary-custom-600, var(--blue-600));
        --theme-dark-primary-custom-100: hsl(var(--theme-dark-primary-color-h), calc(var(--theme-dark-primary-color-s) + (var(--theme-dark-primary-color-s) * -.6)), calc(var(--theme-dark-primary-color-l) + (var(--theme-dark-primary-color-l) * -.7)));
        --theme-dark-primary-custom-200: hsl(var(--theme-dark-primary-color-h), calc(var(--theme-dark-primary-color-s) + (var(--theme-dark-primary-color-s) * -.4)), calc(var(--theme-dark-primary-color-l) + (var(--theme-dark-primary-color-l) * -.5)));
        --theme-dark-primary-custom-300: hsl(var(--theme-dark-primary-color-h), calc(var(--theme-dark-primary-color-s) + (var(--theme-dark-primary-color-s) * -.3)), calc(var(--theme-dark-primary-color-l) + (var(--theme-dark-primary-color-l) * -.2)));
        --theme-dark-primary-custom-400: hsl(var(--theme-dark-primary-color-h), var(--theme-dark-primary-color-s), var(--theme-dark-primary-color-l));
        --theme-dark-primary-custom-500: hsl(var(--theme-dark-primary-color-h), var(--theme-dark-primary-color-s), calc(var(--theme-dark-primary-color-l) + ((100% - var(--theme-dark-primary-color-l)) * .5)));
        --theme-dark-primary-custom-600: hsl(var(--theme-dark-primary-color-h), var(--theme-dark-primary-color-s), calc(var(--theme-dark-primary-color-l) + ((100% - var(--theme-dark-primary-color-l)) * .8)));
        --theme-dark-primary-custom: var(--theme-dark-primary-custom-400);
        --theme-dark-secondary-custom-100: hsl(var(--theme-dark-secondary-color-h), calc(var(--theme-dark-secondary-color-s) + (var(--theme-dark-secondary-color-s) * -.6)), calc(var(--theme-dark-secondary-color-l) + (var(--theme-dark-secondary-color-l) * -.7)));
        --theme-dark-secondary-custom-200: hsl(var(--theme-dark-secondary-color-h), calc(var(--theme-dark-secondary-color-s) + (var(--theme-dark-secondary-color-s) * -.4)), calc(var(--theme-dark-secondary-color-l) + (var(--theme-dark-secondary-color-l) * -.5)));
        --theme-dark-secondary-custom-300: hsl(var(--theme-dark-secondary-color-h), calc(var(--theme-dark-secondary-color-s) + (var(--theme-dark-secondary-color-s) * -.3)), calc(var(--theme-dark-secondary-color-l) + (var(--theme-dark-secondary-color-l) * -.2)));
        --theme-dark-secondary-custom-400: hsl(var(--theme-dark-secondary-color-h), var(--theme-dark-secondary-color-s), var(--theme-dark-secondary-color-l));
        --theme-dark-secondary-custom-500: hsl(var(--theme-dark-secondary-color-h), var(--theme-dark-secondary-color-s), calc(var(--theme-dark-secondary-color-l) + ((100% - var(--theme-dark-secondary-color-l)) * .5)));
        --theme-dark-secondary-custom-600: hsl(var(--theme-dark-secondary-color-h), var(--theme-dark-secondary-color-s), calc(var(--theme-dark-secondary-color-l) + ((100% - var(--theme-dark-secondary-color-l)) * .8)));
        --theme-dark-secondary-custom: var(--theme-dark-secondary-custom-400);
        --theme-dark-secondary-custom-focus-ring: hsla(var(--theme-dark-secondary-color-h), var(--theme-dark-secondary-color-s), var(--theme-dark-secondary-color-l), 0.25);
        color: var(--theme-body-font-color, var(--black-600));
    }
}

body.theme-highcontrast:not(.theme-dark),
body.theme-highcontrast.theme-dark .theme-light__forced,
body.theme-highcontrast.theme-system .theme-light__forced {
    --white: hsl(0, 0%, 100%);
    --black-050: hsl(0, 0%, 100%);
    --black-100: hsl(210, 8%, 98%);
    --black-150: hsl(210, 8%, 95%);
    --black-200: hsl(210, 8%, 90%);
    --black-225: hsl(210, 8%, 85%);
    --black-250: hsl(210, 8%, 80%);
    --black-300: hsl(210, 9%, 75%);
    --black-350: hsl(210, 8%, 45%);
    --black-400: hsl(212, 8%, 35%);
    --black-500: hsl(210, 8%, 25%);
    --black-600: hsl(210, 8%, 5%);
    --black: hsl(0, 0%, 0%);
    --orange-100: hsl(23, 87%, 97%);
    --orange-200: hsl(23, 87%, 97%);
    --orange-300: hsl(27, 90%, 55%);
    --orange-400: hsl(27, 90%, 55%);
    --orange-500: hsl(27, 80%, 28%);
    --orange-600: hsl(27, 80%, 28%);
    --blue-100: hsl(210, 80%, 96%);
    --blue-200: hsl(210, 80%, 96%);
    --blue-300: hsl(210, 70%, 48%);
    --blue-400: hsl(210, 77%, 34%);
    --blue-500: hsl(210, 80%, 23%);
    --blue-600: hsl(210, 80%, 23%);
    --green-100: hsl(147, 36%, 95%);
    --green-200: hsl(147, 36%, 95%);
    --green-300: hsl(148, 70%, 31%);
    --green-400: hsl(148, 75%, 22%);
    --green-500: hsl(146, 74%, 15%);
    --green-600: hsl(146, 74%, 15%);
    --red-100: hsl(0, 80%, 96%);
    --red-200: hsl(0, 80%, 96%);
    --red-300: hsl(0, 60%, 49%);
    --red-400: hsl(0, 65%, 37%);
    --red-500: hsl(0, 65%, 22%);
    --red-600: hsl(0, 65%, 22%);
    --yellow-100: hsl(41, 80%, 96%);
    --yellow-200: hsl(41, 80%, 96%);
    --yellow-300: hsl(43, 85%, 50%);
    --yellow-400: hsl(43, 85%, 50%);
    --yellow-500: hsl(48, 85%, 18%);
    --yellow-600: hsl(48, 85%, 18%);
    --purple-100: hsl(237, 83%, 98%);
    --purple-200: hsl(237, 83%, 98%);
    --purple-300: hsl(237, 55%, 57%);
    --purple-400: hsl(237, 55%, 57%);
    --purple-500: hsl(237, 50%, 32%);
    --purple-600: hsl(237, 50%, 32%);
    --gold-100: hsl(46, 100%, 91%);
    --gold-200: hsl(46, 100%, 91%);
    --gold-300: hsl(45, 100%, 42%);
    --gold-400: hsl(46, 92%, 26%);
    --silver-100: hsl(0, 0%, 95%);
    --silver-200: hsl(0, 0%, 95%);
    --silver-300: hsl(210, 5%, 68%);
    --silver-400: hsl(210, 2%, 40%);
    --bronze-100: hsl(28, 40%, 92%);
    --bronze-200: hsl(28, 40%, 92%);
    --bronze-300: hsl(28, 43%, 65%);
    --bronze-400: hsl(28, 43%, 39%);
    --bc-lightest: var(--black-400);
    --bc-lighter: var(--black-400);
    --bc-light: var(--black-400);
    --bc-medium: var(--black-400);
    --bc-dark: var(--black-500);
    --bc-darker: var(--black-600);
    --bs-sm: none;
    --bs-md: none;
    --bs-lg: none;
    --bs-xl: none;
    --focus-ring: hsla(206, 100%, 40%, 0.9);
    --focus-ring-success: hsla(140, 40%, 40%, 0.9);
    --focus-ring-warning: hsla(47, 76%, 46%, 0.9);
    --focus-ring-error: hsla(358, 62%, 47%, 0.9);
    --focus-ring-muted: hsla(210, 8%, 55%, 0.95);
    --highlight-addition: var(--green-500);
    --highlight-attribute: hsl(215, 100%, 35%);
    --highlight-bg: hsl(0, 0%, 96.5%);
    --highlight-color: var(--black-600);
    --highlight-comment: hsl(213, 7%, 33%);
    --highlight-deletion: var(--red-400);
    --highlight-keyword: hsl(215, 100%, 35%);
    --highlight-literal: hsl(16, 94%, 31%);
    --highlight-namespace: hsl(16, 94%, 31%);
    --highlight-punctuation: var(--black-500);
    --highlight-symbol: hsl(309, 45%, 31%);
    --highlight-variable: hsl(88, 100%, 19%);
    --scrollbar: var(--black);
    --theme-primary: var(--orange-400);
    --theme-primary-100: var(--orange-100);
    --theme-primary-200: var(--orange-200);
    --theme-primary-300: var(--orange-300);
    --theme-primary-400: var(--orange-400);
    --theme-primary-500: var(--orange-500);
    --theme-primary-600: var(--orange-600);
    --theme-secondary: var(--blue-400);
    --theme-secondary-100: var(--blue-100);
    --theme-secondary-200: var(--blue-200);
    --theme-secondary-300: var(--blue-300);
    --theme-secondary-400: var(--blue-400);
    --theme-secondary-500: var(--blue-500);
    --theme-secondary-600: var(--blue-600);
    --_o-disabled: 0.8;
}

body.theme-highcontrast.theme-dark,
body.theme-highcontrast:not(.theme-dark) .theme-dark__forced {
    --white: hsl(0, 0%, 0%);
    --black-050: hsl(210, 3%, 15%);
    --black-100: hsl(210, 3%, 18%);
    --black-150: hsl(210, 4%, 21%);
    --black-200: hsl(210, 4%, 27%);
    --black-225: hsl(210, 4%, 30%);
    --black-250: hsl(210, 5%, 36%);
    --black-300: hsl(210, 4%, 47%);
    --black-350: hsl(210, 10%, 74%);
    --black-400: hsl(210, 8%, 80%);
    --black-500: hsl(210, 8%, 90%);
    --black-600: hsl(210, 11%, 98%);
    --black: hsl(0, 0%, 100%);
    --orange-100: hsl(27, 30%, 19%);
    --orange-200: hsl(27, 30%, 19%);
    --orange-300: hsl(27, 80%, 72%);
    --orange-400: hsl(27, 80%, 72%);
    --orange-500: hsl(28, 78%, 93%);
    --orange-600: hsl(28, 78%, 93%);
    --blue-100: hsl(209, 30%, 19%);
    --blue-200: hsl(209, 30%, 19%);
    --blue-300: hsl(210, 80%, 72%);
    --blue-400: hsl(210, 80%, 75%);
    --blue-500: hsl(210, 78%, 93%);
    --blue-600: hsl(210, 78%, 93%);
    --green-100: hsl(147, 30%, 19%);
    --green-200: hsl(147, 30%, 19%);
    --green-300: hsl(148, 40%, 62%);
    --green-400: hsl(148, 40%, 68%);
    --green-500: hsl(150, 39%, 93%);
    --green-600: hsl(150, 39%, 93%);
    --red-100: hsl(358, 30%, 19%);
    --red-200: hsl(358, 30%, 19%);
    --red-300: hsl(0, 75%, 77%);
    --red-400: hsl(0, 73%, 80%);
    --red-500: hsl(0, 76%, 95%);
    --red-600: hsl(0, 76%, 95%);
    --yellow-100: hsl(43, 29%, 17%);
    --yellow-200: hsl(43, 29%, 17%);
    --yellow-300: hsl(43, 75%, 75%);
    --yellow-400: hsl(43, 75%, 75%);
    --yellow-500: hsl(48, 74%, 91%);
    --yellow-600: hsl(44, 74%, 91%);
    --purple-100: hsl(237, 24%, 23%);
    --purple-200: hsl(237, 24%, 23%);
    --purple-300: hsl(237, 60%, 82%);
    --purple-400: hsl(237, 60%, 82%);
    --purple-500: hsl(237, 62%, 96%);
    --purple-600: hsl(237, 62%, 96%);
    --gold-100: hsl(45, 22%, 25%);
    --gold-200: hsl(45, 22%, 25%);
    --gold-300: hsl(45, 92%, 62%);
    --gold-400: hsl(46, 93%, 78%);
    --silver-100: hsl(220, 2%, 26%);
    --silver-200: hsl(220, 2%, 26%);
    --silver-300: hsl(220, 4%, 69%);
    --silver-400: hsl(214, 8%, 83%);
    --bronze-100: hsl(27, 13%, 27%);
    --bronze-200: hsl(27, 13%, 27%);
    --bronze-300: hsl(28, 58%, 67%);
    --bronze-400: hsl(28, 59%, 83%);
    --bc-lightest: var(--black-400);
    --bc-lighter: var(--black-400);
    --bc-light: var(--black-400);
    --bc-medium: var(--black-400);
    --bc-dark: var(--black-500);
    --bc-darker: var(--black-600);
    --bs-sm: none;
    --bs-md: none;
    --bs-lg: none;
    --bs-xl: none;
    --focus-ring: hsla(206, 100%, 40%, 0.9);
    --focus-ring-success: hsla(140, 40%, 40%, 0.9);
    --focus-ring-warning: hsla(47, 76%, 46%, 0.9);
    --focus-ring-error: hsla(358, 62%, 47%, 0.9);
    --focus-ring-muted: hsla(210, 8%, 55%, 0.95);
    --highlight-addition: var(--green-500);
    --highlight-attribute: hsl(200, 57%, 85%);
    --highlight-bg: hsl(0, 0%, 10%);
    --highlight-color: hsl(0, 0%, 100%);
    --highlight-comment: hsl(0, 0%, 99%);
    --highlight-deletion: var(--red-500);
    --highlight-keyword: hsl(200, 57%, 85%);
    --highlight-literal: hsl(36, 96%, 71%);
    --highlight-namespace: hsl(36, 96%, 71%);
    --highlight-punctuation: hsl(0, 0%, 99%);
    --highlight-symbol: hsl(304, 39%, 85%);
    --highlight-variable: hsl(62, 71%, 81%);
    --scrollbar: var(--black);
    --theme-primary: var(--orange-400);
    --theme-primary-100: var(--orange-100);
    --theme-primary-200: var(--orange-200);
    --theme-primary-300: var(--orange-300);
    --theme-primary-400: var(--orange-400);
    --theme-primary-500: var(--orange-500);
    --theme-primary-600: var(--orange-600);
    --theme-secondary: var(--blue-400);
    --theme-secondary-100: var(--blue-100);
    --theme-secondary-200: var(--blue-200);
    --theme-secondary-300: var(--blue-300);
    --theme-secondary-400: var(--blue-400);
    --theme-secondary-500: var(--blue-500);
    --theme-secondary-600: var(--blue-600);
    --_o-disabled: 0.8;
}

@media (prefers-color-scheme: dark) {
    body.theme-highcontrast.theme-system {
        --white: hsl(0, 0%, 0%);
        --black-050: hsl(210, 3%, 15%);
        --black-100: hsl(210, 3%, 18%);
        --black-150: hsl(210, 4%, 21%);
        --black-200: hsl(210, 4%, 27%);
        --black-225: hsl(210, 4%, 30%);
        --black-250: hsl(210, 5%, 36%);
        --black-300: hsl(210, 4%, 47%);
        --black-350: hsl(210, 10%, 74%);
        --black-400: hsl(210, 8%, 80%);
        --black-500: hsl(210, 8%, 90%);
        --black-600: hsl(210, 11%, 98%);
        --black: hsl(0, 0%, 100%);
        --orange-100: hsl(27, 30%, 19%);
        --orange-200: hsl(27, 30%, 19%);
        --orange-300: hsl(27, 80%, 72%);
        --orange-400: hsl(27, 80%, 72%);
        --orange-500: hsl(28, 78%, 93%);
        --orange-600: hsl(28, 78%, 93%);
        --blue-100: hsl(209, 30%, 19%);
        --blue-200: hsl(209, 30%, 19%);
        --blue-300: hsl(210, 80%, 72%);
        --blue-400: hsl(210, 80%, 75%);
        --blue-500: hsl(210, 78%, 93%);
        --blue-600: hsl(210, 78%, 93%);
        --green-100: hsl(147, 30%, 19%);
        --green-200: hsl(147, 30%, 19%);
        --green-300: hsl(148, 40%, 62%);
        --green-400: hsl(148, 40%, 68%);
        --green-500: hsl(150, 39%, 93%);
        --green-600: hsl(150, 39%, 93%);
        --red-100: hsl(358, 30%, 19%);
        --red-200: hsl(358, 30%, 19%);
        --red-300: hsl(0, 75%, 77%);
        --red-400: hsl(0, 73%, 80%);
        --red-500: hsl(0, 76%, 95%);
        --red-600: hsl(0, 76%, 95%);
        --yellow-100: hsl(43, 29%, 17%);
        --yellow-200: hsl(43, 29%, 17%);
        --yellow-300: hsl(43, 75%, 75%);
        --yellow-400: hsl(43, 75%, 75%);
        --yellow-500: hsl(48, 74%, 91%);
        --yellow-600: hsl(44, 74%, 91%);
        --purple-100: hsl(237, 24%, 23%);
        --purple-200: hsl(237, 24%, 23%);
        --purple-300: hsl(237, 60%, 82%);
        --purple-400: hsl(237, 60%, 82%);
        --purple-500: hsl(237, 62%, 96%);
        --purple-600: hsl(237, 62%, 96%);
        --gold-100: hsl(45, 22%, 25%);
        --gold-200: hsl(45, 22%, 25%);
        --gold-300: hsl(45, 92%, 62%);
        --gold-400: hsl(46, 93%, 78%);
        --silver-100: hsl(220, 2%, 26%);
        --silver-200: hsl(220, 2%, 26%);
        --silver-300: hsl(220, 4%, 69%);
        --silver-400: hsl(214, 8%, 83%);
        --bronze-100: hsl(27, 13%, 27%);
        --bronze-200: hsl(27, 13%, 27%);
        --bronze-300: hsl(28, 58%, 67%);
        --bronze-400: hsl(28, 59%, 83%);
        --bc-lightest: var(--black-400);
        --bc-lighter: var(--black-400);
        --bc-light: var(--black-400);
        --bc-medium: var(--black-400);
        --bc-dark: var(--black-500);
        --bc-darker: var(--black-600);
        --bs-sm: none;
        --bs-md: none;
        --bs-lg: none;
        --bs-xl: none;
        --focus-ring: hsla(206, 100%, 40%, 0.9);
        --focus-ring-success: hsla(140, 40%, 40%, 0.9);
        --focus-ring-warning: hsla(47, 76%, 46%, 0.9);
        --focus-ring-error: hsla(358, 62%, 47%, 0.9);
        --focus-ring-muted: hsla(210, 8%, 55%, 0.95);
        --highlight-addition: var(--green-500);
        --highlight-attribute: hsl(200, 57%, 85%);
        --highlight-bg: hsl(0, 0%, 10%);
        --highlight-color: hsl(0, 0%, 100%);
        --highlight-comment: hsl(0, 0%, 99%);
        --highlight-deletion: var(--red-500);
        --highlight-keyword: hsl(200, 57%, 85%);
        --highlight-literal: hsl(36, 96%, 71%);
        --highlight-namespace: hsl(36, 96%, 71%);
        --highlight-punctuation: hsl(0, 0%, 99%);
        --highlight-symbol: hsl(304, 39%, 85%);
        --highlight-variable: hsl(62, 71%, 81%);
        --scrollbar: var(--black);
        --theme-primary: var(--orange-400);
        --theme-primary-100: var(--orange-100);
        --theme-primary-200: var(--orange-200);
        --theme-primary-300: var(--orange-300);
        --theme-primary-400: var(--orange-400);
        --theme-primary-500: var(--orange-500);
        --theme-primary-600: var(--orange-600);
        --theme-secondary: var(--blue-400);
        --theme-secondary-100: var(--blue-100);
        --theme-secondary-200: var(--blue-200);
        --theme-secondary-300: var(--blue-300);
        --theme-secondary-400: var(--blue-400);
        --theme-secondary-500: var(--blue-500);
        --theme-secondary-600: var(--blue-600);
        --_o-disabled: 0.8;
    }
}
"
`;
